                                      1 ;--------------------------------------------------------
                                      2 ; File Created by SDCC : free open source ANSI-C Compiler
                                      3 ; Version 4.1.6 #12539 (MINGW32)
                                      4 ;--------------------------------------------------------
                                      5 	.module assignDiFace
                                      6 	.optsdcc -mgbz80
                                      7 	
                                      8 ;--------------------------------------------------------
                                      9 ; Public variables in this module
                                     10 ;--------------------------------------------------------
                                     11 	.globl b___func_assignDiFace
                                     12 	.globl ___func_assignDiFace
                                     13 	.globl _randomRange
                                     14 	.globl b_assignDiFace
                                     15 	.globl _assignDiFace
                                     16 ;--------------------------------------------------------
                                     17 ; special function registers
                                     18 ;--------------------------------------------------------
                                     19 ;--------------------------------------------------------
                                     20 ; ram data
                                     21 ;--------------------------------------------------------
                                     22 	.area _DATA
                                     23 ;--------------------------------------------------------
                                     24 ; ram data
                                     25 ;--------------------------------------------------------
                                     26 	.area _INITIALIZED
                                     27 ;--------------------------------------------------------
                                     28 ; absolute external ram data
                                     29 ;--------------------------------------------------------
                                     30 	.area _DABS (ABS)
                                     31 ;--------------------------------------------------------
                                     32 ; global & static initialisations
                                     33 ;--------------------------------------------------------
                                     34 	.area _HOME
                                     35 	.area _GSINIT
                                     36 	.area _GSFINAL
                                     37 	.area _GSINIT
                                     38 ;--------------------------------------------------------
                                     39 ; Home
                                     40 ;--------------------------------------------------------
                                     41 	.area _HOME
                                     42 	.area _HOME
                                     43 ;--------------------------------------------------------
                                     44 ; code
                                     45 ;--------------------------------------------------------
                                     46 	.area _CODE_1
                                     47 ;src/bank_1/assignDiFace.c:11: BANKREF(assignDiFace)
                                     48 ;	---------------------------------
                                     49 ; Function __func_assignDiFace
                                     50 ; ---------------------------------
                           000001    51 	b___func_assignDiFace	= 1
      000000                         52 ___func_assignDiFace::
                                     53 	.local b___func_assignDiFace 
                           000001    54 	___bank_assignDiFace = b___func_assignDiFace 
                                     55 	.globl ___bank_assignDiFace 
                                     56 ;src/bank_1/assignDiFace.c:12: void assignDiFace(uint8 diPosition) BANKED
                                     57 ;	---------------------------------
                                     58 ; Function assignDiFace
                                     59 ; ---------------------------------
                           000001    60 	b_assignDiFace	= 1
      000000                         61 _assignDiFace::
                                     62 ;src/bank_1/assignDiFace.c:16: dice[diPosition].face = 1;
      000000 F8 06                   63 	ldhl	sp,	#6
      000002 4E                      64 	ld	c, (hl)
      000003 06 00                   65 	ld	b, #0x00
      000005 69                      66 	ld	l, c
      000006 60                      67 	ld	h, b
      000007 29                      68 	add	hl, hl
      000008 09                      69 	add	hl, bc
      000009 29                      70 	add	hl, hl
      00000A 09                      71 	add	hl, bc
      00000B 29                      72 	add	hl, hl
      00000C 09                      73 	add	hl, bc
      00000D 29                      74 	add	hl, hl
      00000E 4D                      75 	ld	c, l
      00000F 44                      76 	ld	b, h
                                     77 ;src/bank_1/assignDiFace.c:14: if(!diceInitialized)
      000010 FAr00r00                78 	ld	a, (#_diceInitialized)
      000013 B7                      79 	or	a, a
      000014 20 07                   80 	jr	NZ, 00102$
                                     81 ;src/bank_1/assignDiFace.c:16: dice[diPosition].face = 1;
      000016 21r00r00                82 	ld	hl, #_dice
      000019 09                      83 	add	hl, bc
      00001A 36 01                   84 	ld	(hl), #0x01
      00001C C9                      85 	ret
      00001D                         86 00102$:
                                     87 ;src/bank_1/assignDiFace.c:21: dice[diPosition].face = randomRange(1, 6);
      00001D 21r00r00                88 	ld	hl, #_dice
      000020 09                      89 	add	hl, bc
      000021 E5                      90 	push	hl
      000022 21 01 06                91 	ld	hl, #0x601
      000025 E5                      92 	push	hl
      000026 CDr00r00                93 	call	_randomRange
      000029 E1                      94 	pop	hl
      00002A E1                      95 	pop	hl
      00002B 73                      96 	ld	(hl), e
                                     97 ;src/bank_1/assignDiFace.c:23: }
      00002C C9                      98 	ret
                                     99 	.area _CODE_1
                                    100 	.area _INITIALIZER
                                    101 	.area _CABS (ABS)
