                                      1 ;--------------------------------------------------------
                                      2 ; File Created by SDCC : free open source ANSI-C Compiler
                                      3 ; Version 4.1.6 #12539 (MINGW32)
                                      4 ;--------------------------------------------------------
                                      5 	.module initializeDiSprites
                                      6 	.optsdcc -mgbz80
                                      7 	
                                      8 ;--------------------------------------------------------
                                      9 ; Public variables in this module
                                     10 ;--------------------------------------------------------
                                     11 	.globl b___func_initializeDiSprites
                                     12 	.globl ___func_initializeDiSprites
                                     13 	.globl b_initializeDiSprites
                                     14 	.globl _initializeDiSprites
                                     15 ;--------------------------------------------------------
                                     16 ; special function registers
                                     17 ;--------------------------------------------------------
                                     18 ;--------------------------------------------------------
                                     19 ; ram data
                                     20 ;--------------------------------------------------------
                                     21 	.area _DATA
                                     22 ;--------------------------------------------------------
                                     23 ; ram data
                                     24 ;--------------------------------------------------------
                                     25 	.area _INITIALIZED
                                     26 ;--------------------------------------------------------
                                     27 ; absolute external ram data
                                     28 ;--------------------------------------------------------
                                     29 	.area _DABS (ABS)
                                     30 ;--------------------------------------------------------
                                     31 ; global & static initialisations
                                     32 ;--------------------------------------------------------
                                     33 	.area _HOME
                                     34 	.area _GSINIT
                                     35 	.area _GSFINAL
                                     36 	.area _GSINIT
                                     37 ;--------------------------------------------------------
                                     38 ; Home
                                     39 ;--------------------------------------------------------
                                     40 	.area _HOME
                                     41 	.area _HOME
                                     42 ;--------------------------------------------------------
                                     43 ; code
                                     44 ;--------------------------------------------------------
                                     45 	.area _CODE_1
                                     46 ;src/bank_1/initializeDiSprites.c:8: BANKREF(initializeDiSprites)
                                     47 ;	---------------------------------
                                     48 ; Function __func_initializeDiSprites
                                     49 ; ---------------------------------
                           000001    50 	b___func_initializeDiSprites	= 1
      000000                         51 ___func_initializeDiSprites::
                                     52 	.local b___func_initializeDiSprites 
                           000001    53 	___bank_initializeDiSprites = b___func_initializeDiSprites 
                                     54 	.globl ___bank_initializeDiSprites 
                                     55 ;src/bank_1/initializeDiSprites.c:9: void initializeDiSprites(uint8 diPosition) BANKED
                                     56 ;	---------------------------------
                                     57 ; Function initializeDiSprites
                                     58 ; ---------------------------------
                           000001    59 	b_initializeDiSprites	= 1
      000000                         60 _initializeDiSprites::
      000000 3B                      61 	dec	sp
      000001 3B                      62 	dec	sp
                                     63 ;src/bank_1/initializeDiSprites.c:12: for(uint8 i = 0; i != DI_SPRITE_COUNT; i++)
      000002 F8 08                   64 	ldhl	sp,	#8
      000004 4E                      65 	ld	c, (hl)
      000005 06 00                   66 	ld	b, #0x00
      000007 69                      67 	ld	l, c
      000008 60                      68 	ld	h, b
      000009 29                      69 	add	hl, hl
      00000A 09                      70 	add	hl, bc
      00000B 29                      71 	add	hl, hl
      00000C 09                      72 	add	hl, bc
      00000D 29                      73 	add	hl, hl
      00000E 09                      74 	add	hl, bc
      00000F 29                      75 	add	hl, hl
      000010 01r00r00                76 	ld	bc,#_dice
      000013 09                      77 	add	hl,bc
      000014 23                      78 	inc	hl
      000015 23                      79 	inc	hl
      000016 4D                      80 	ld	c, l
      000017 44                      81 	ld	b, h
      000018 33                      82 	inc	sp
      000019 33                      83 	inc	sp
      00001A C5                      84 	push	bc
      00001B 0E 00                   85 	ld	c, #0x00
      00001D                         86 00103$:
      00001D 79                      87 	ld	a, c
      00001E D6 04                   88 	sub	a, #0x04
      000020 28 19                   89 	jr	Z, 00105$
                                     90 ;src/bank_1/initializeDiSprites.c:14: spriteNumber = (4 * diPosition) + i;
      000022 F8 08                   91 	ldhl	sp,	#8
      000024 7E                      92 	ld	a, (hl)
      000025 87                      93 	add	a, a
      000026 87                      94 	add	a, a
      000027 41                      95 	ld	b, c
      000028 80                      96 	add	a, b
      000029 47                      97 	ld	b, a
                                     98 ;src/bank_1/initializeDiSprites.c:15: dice[diPosition].sprite[i].address = spriteNumber;
      00002A 79                      99 	ld	a, c
      00002B 87                     100 	add	a, a
      00002C 81                     101 	add	a, c
      00002D 87                     102 	add	a, a
      00002E 5F                     103 	ld	e, a
      00002F 16 00                  104 	ld	d, #0x00
      000031 E1                     105 	pop	hl
      000032 E5                     106 	push	hl
      000033 19                     107 	add	hl, de
      000034 5D                     108 	ld	e, l
      000035 54                     109 	ld	d, h
      000036 78                     110 	ld	a, b
      000037 12                     111 	ld	(de), a
                                    112 ;src/bank_1/initializeDiSprites.c:12: for(uint8 i = 0; i != DI_SPRITE_COUNT; i++)
      000038 0C                     113 	inc	c
      000039 18 E2                  114 	jr	00103$
      00003B                        115 00105$:
                                    116 ;src/bank_1/initializeDiSprites.c:17: }
      00003B 33                     117 	inc	sp
      00003C 33                     118 	inc	sp
      00003D C9                     119 	ret
                                    120 	.area _CODE_1
                                    121 	.area _INITIALIZER
                                    122 	.area _CABS (ABS)
