                                      1 ;--------------------------------------------------------
                                      2 ; File Created by SDCC : free open source ANSI-C Compiler
                                      3 ; Version 4.1.6 #12539 (MINGW32)
                                      4 ;--------------------------------------------------------
                                      5 	.module main
                                      6 	.optsdcc -mgbz80
                                      7 	
                                      8 ;--------------------------------------------------------
                                      9 ; Public variables in this module
                                     10 ;--------------------------------------------------------
                                     11 	.globl _main
                                     12 	.globl b_initializeDiProperties
                                     13 	.globl _initializeDiProperties
                                     14 	.globl _printf
                                     15 ;--------------------------------------------------------
                                     16 ; special function registers
                                     17 ;--------------------------------------------------------
                                     18 ;--------------------------------------------------------
                                     19 ; ram data
                                     20 ;--------------------------------------------------------
                                     21 	.area _DATA
                                     22 ;--------------------------------------------------------
                                     23 ; ram data
                                     24 ;--------------------------------------------------------
                                     25 	.area _INITIALIZED
                                     26 ;--------------------------------------------------------
                                     27 ; absolute external ram data
                                     28 ;--------------------------------------------------------
                                     29 	.area _DABS (ABS)
                                     30 ;--------------------------------------------------------
                                     31 ; global & static initialisations
                                     32 ;--------------------------------------------------------
                                     33 	.area _HOME
                                     34 	.area _GSINIT
                                     35 	.area _GSFINAL
                                     36 	.area _GSINIT
                                     37 ;--------------------------------------------------------
                                     38 ; Home
                                     39 ;--------------------------------------------------------
                                     40 	.area _HOME
                                     41 	.area _HOME
                                     42 ;--------------------------------------------------------
                                     43 ; code
                                     44 ;--------------------------------------------------------
                                     45 	.area _CODE
                                     46 ;src/main.c:11: void main(){
                                     47 ;	---------------------------------
                                     48 ; Function main
                                     49 ; ---------------------------------
      000000                         50 _main::
                                     51 ;src/main.c:12: DISPLAY_ON;
      000000 F0r00                   52 	ldh	a, (_LCDC_REG + 0)
      000002 F6 80                   53 	or	a, #0x80
      000004 E0r00                   54 	ldh	(_LCDC_REG + 0), a
                                     55 ;src/main.c:13: SHOW_BKG;
      000006 F0r00                   56 	ldh	a, (_LCDC_REG + 0)
      000008 F6 01                   57 	or	a, #0x01
      00000A E0r00                   58 	ldh	(_LCDC_REG + 0), a
                                     59 ;src/main.c:14: SHOW_SPRITES;
      00000C F0r00                   60 	ldh	a, (_LCDC_REG + 0)
      00000E F6 02                   61 	or	a, #0x02
      000010 E0r00                   62 	ldh	(_LCDC_REG + 0), a
                                     63 ;src/main.c:22: initializeDiProperties(0);
      000012 AF                      64 	xor	a, a
      000013 F5                      65 	push	af
      000014 33                      66 	inc	sp
      000015 1Er00                   67 	ld	e, #b_initializeDiProperties
      000017 21r00r00                68 	ld	hl, #_initializeDiProperties
      00001A CDr00r00                69 	call	___sdcc_bcall_ehl
      00001D 33                      70 	inc	sp
                                     71 ;src/main.c:24: for(uint8 i = 0; i != DICE_COUNT; i++)
      00001E 0E 00                   72 	ld	c, #0x00
      000020                         73 00103$:
      000020 79                      74 	ld	a, c
      000021 D6 05                   75 	sub	a, #0x05
      000023 C8                      76 	ret	Z
                                     77 ;src/main.c:26: printf("%u\n", dice[i].face);
      000024 06 00                   78 	ld	b, #0x00
      000026 69                      79 	ld	l, c
      000027 60                      80 	ld	h, b
      000028 29                      81 	add	hl, hl
      000029 09                      82 	add	hl, bc
      00002A 29                      83 	add	hl, hl
      00002B 09                      84 	add	hl, bc
      00002C 29                      85 	add	hl, hl
      00002D 09                      86 	add	hl, bc
      00002E 29                      87 	add	hl, hl
      00002F 11r00r00                88 	ld	de, #_dice
      000032 19                      89 	add	hl, de
      000033 5E                      90 	ld	e, (hl)
      000034 16 00                   91 	ld	d, #0x00
      000036 C5                      92 	push	bc
      000037 D5                      93 	push	de
      000038 11r45r00                94 	ld	de, #___str_0
      00003B D5                      95 	push	de
      00003C CDr00r00                96 	call	_printf
      00003F E8 04                   97 	add	sp, #4
      000041 C1                      98 	pop	bc
                                     99 ;src/main.c:24: for(uint8 i = 0; i != DICE_COUNT; i++)
      000042 0C                     100 	inc	c
                                    101 ;src/main.c:30: }
      000043 18 DB                  102 	jr	00103$
      000045                        103 ___str_0:
      000045 25 75                  104 	.ascii "%u"
      000047 0A                     105 	.db 0x0a
      000048 00                     106 	.db 0x00
                                    107 	.area _CODE
                                    108 	.area _INITIALIZER
                                    109 	.area _CABS (ABS)
