                                      1 ;--------------------------------------------------------
                                      2 ; File Created by SDCC : free open source ANSI-C Compiler
                                      3 ; Version 4.1.6 #12539 (MINGW32)
                                      4 ;--------------------------------------------------------
                                      5 	.module main
                                      6 	.optsdcc -mgbz80
                                      7 	
                                      8 ;--------------------------------------------------------
                                      9 ; Public variables in this module
                                     10 ;--------------------------------------------------------
                                     11 	.globl _main
                                     12 	.globl _printf
                                     13 ;--------------------------------------------------------
                                     14 ; special function registers
                                     15 ;--------------------------------------------------------
                                     16 ;--------------------------------------------------------
                                     17 ; ram data
                                     18 ;--------------------------------------------------------
                                     19 	.area _DATA
                                     20 ;--------------------------------------------------------
                                     21 ; ram data
                                     22 ;--------------------------------------------------------
                                     23 	.area _INITIALIZED
                                     24 ;--------------------------------------------------------
                                     25 ; absolute external ram data
                                     26 ;--------------------------------------------------------
                                     27 	.area _DABS (ABS)
                                     28 ;--------------------------------------------------------
                                     29 ; global & static initialisations
                                     30 ;--------------------------------------------------------
                                     31 	.area _HOME
                                     32 	.area _GSINIT
                                     33 	.area _GSFINAL
                                     34 	.area _GSINIT
                                     35 ;--------------------------------------------------------
                                     36 ; Home
                                     37 ;--------------------------------------------------------
                                     38 	.area _HOME
                                     39 	.area _HOME
                                     40 ;--------------------------------------------------------
                                     41 ; code
                                     42 ;--------------------------------------------------------
                                     43 	.area _CODE
                                     44 ;src/main.c:8: void main(){
                                     45 ;	---------------------------------
                                     46 ; Function main
                                     47 ; ---------------------------------
      000000                         48 _main::
                                     49 ;src/main.c:9: DISPLAY_ON;
      000000 F0r00                   50 	ldh	a, (_LCDC_REG + 0)
      000002 F6 80                   51 	or	a, #0x80
      000004 E0r00                   52 	ldh	(_LCDC_REG + 0), a
                                     53 ;src/main.c:10: SHOW_BKG;
      000006 F0r00                   54 	ldh	a, (_LCDC_REG + 0)
      000008 F6 01                   55 	or	a, #0x01
      00000A E0r00                   56 	ldh	(_LCDC_REG + 0), a
                                     57 ;src/main.c:11: SHOW_SPRITES;
      00000C F0r00                   58 	ldh	a, (_LCDC_REG + 0)
      00000E F6 02                   59 	or	a, #0x02
      000010 E0r00                   60 	ldh	(_LCDC_REG + 0), a
                                     61 ;src/main.c:13: printf("%u\n", dice[0].face);
      000012 FAr00r00                62 	ld	a, (#_dice + 0)
      000015 4F                      63 	ld	c, a
      000016 06 00                   64 	ld	b, #0x00
      000018 C5                      65 	push	bc
      000019 11r30r00                66 	ld	de, #___str_0
      00001C D5                      67 	push	de
      00001D CDr00r00                68 	call	_printf
      000020 E8 04                   69 	add	sp, #4
                                     70 ;src/main.c:14: printf("%u\n", dice[0].sprite);
      000022 11r02r00                71 	ld	de, #(_dice + 2)
      000025 D5                      72 	push	de
      000026 11r30r00                73 	ld	de, #___str_0
      000029 D5                      74 	push	de
      00002A CDr00r00                75 	call	_printf
      00002D E8 04                   76 	add	sp, #4
                                     77 ;src/main.c:15: }
      00002F C9                      78 	ret
      000030                         79 ___str_0:
      000030 25 75                   80 	.ascii "%u"
      000032 0A                      81 	.db 0x0a
      000033 00                      82 	.db 0x00
                                     83 	.area _CODE
                                     84 	.area _INITIALIZER
                                     85 	.area _CABS (ABS)
